
> at-music-pro@1.2.1 typecheck
> tsc --noEmit

